[36mvite v7.3.1 [32mbuilding client environment for production...[36m[39m
transforming...
[32mΓ£ô[39m 24 modules transformed.
node.exe : [31mΓ£ù[39m 
Build failed in 1.97s
At line:1 char:1
+ & "C:\Program 
Files\nodejs/node.exe" 
"C:\Program 
Files\nodejs/node_mo ...
+ ~~~~~~~~~~~~~~~~~~~~~~~~~~~
~~~~~~~~~~~~~~~~~~~~~~~~~~~~~
~~~~~~~~~~~~~
    + CategoryInfo           
   : NotSpecified: ([31mΓ£  
  ù[39m Build failed in 1   
 .97s:String) [], RemoteE    
xception
    + FullyQualifiedErrorId  
   : NativeCommandError
 
[31merror during build:
[31m[vite:esbuild] 
Transform failed with 1 
error:
C:/Users/Abhishek Kumar/OneDr
ive/Desktop/dynamic campus/sr
c/pages/AdminDashboard.jsx:99
:6: ERROR: Expected ":" but 
found 
"AddAdmissionModal"[31m
file: [36mC:/Users/Abhishek 
Kumar/OneDrive/Desktop/dynami
c campus/src/pages/AdminDashb
oard.jsx:99:6[31m
[33m
[33mExpected ":" but found 
"AddAdmissionModal"[33m
97 |  // ...existing code...
98 |  
99 |  const 
AddAdmissionModal = ({ 
isOpen, onClose, onSave, 
formData, setFormData, 
isEditing }) => {
   |        ^
100|    const handleSubmit = 
(event) => {
101|      
event.preventDefault();
[31m
    at failureErrorWithLog 
(C:\Users\Abhishek Kumar\OneD
rive\Desktop\dynamic campus\n
ode_modules\esbuild\lib\main.
js:1748:15)
    at C:\Users\Abhishek Kuma
r\OneDrive\Desktop\dynamic ca
mpus\node_modules\esbuild\lib
\main.js:1017:50
    at 
responseCallbacks.<computed> 
(C:\Users\Abhishek Kumar\OneD
rive\Desktop\dynamic campus\n
ode_modules\esbuild\lib\main.
js:884:9)
    at handleIncomingPacket 
(C:\Users\Abhishek Kumar\OneD
rive\Desktop\dynamic campus\n
ode_modules\esbuild\lib\main.
js:939:12)
    at Socket.readFromStdout 
(C:\Users\Abhishek Kumar\OneD
rive\Desktop\dynamic campus\n
ode_modules\esbuild\lib\main.
js:862:7)
    at Socket.emit 
(node:events:508:28)
    at addChunk (node:interna
l/streams/readable:559:12)
    at 
readableAddChunkPushByteMode 
(node:internal/streams/readab
le:510:3)
    at Readable.push (node:in
ternal/streams/readable:390:5
)
    at Pipe.onStreamRead (nod
e:internal/stream_base_common
s:189:23)[39m
